2026-08-08 11:34:09 | INFO     | __main__                  | ============================================================
2026-08-08 11:34:09 | INFO     | __main__                  | Steel Defect CNN Training
2026-08-08 11:34:09 | INFO     | __main__                  | ============================================================
2026-08-08 11:34:09 | INFO     | __main__                  | Epochs:     20
2026-08-08 11:34:09 | INFO     | __main__                  | Batch size: 32
2026-08-08 11:34:09 | INFO     | __main__                  | LR:         0.001
2026-08-08 11:34:09 | INFO     | __main__                  | Device:     cpu
2026-08-08 11:34:09 | INFO     | __main__                  | Image size: (256, 256)
2026-08-08 11:34:09 | INFO     | __main__                  | Classes:    ['no_defect', 'defect_1', 'defect_2', 'defect_3', 'defect_4']
2026-08-08 11:34:09 | INFO     | __main__                  | Loading dataset...
2026-08-08 11:38:13 | INFO     | __main__                  | ============================================================
2026-08-08 11:38:13 | INFO     | __main__                  | Steel Defect CNN Training
2026-08-08 11:38:13 | INFO     | __main__                  | ============================================================
2026-08-08 11:38:13 | INFO     | __main__                  | Epochs:     20
2026-08-08 11:38:13 | INFO     | __main__                  | Batch size: 32
2026-08-08 11:38:13 | INFO     | __main__                  | LR:         0.001
2026-08-08 11:38:13 | INFO     | __main__                  | Device:     cpu
2026-08-08 11:38:13 | INFO     | __main__                  | Image size: (256, 256)
2026-08-08 11:38:13 | INFO     | __main__                  | Classes:    ['no_defect', 'defect_1', 'defect_2', 'defect_3', 'defect_4']
2026-08-08 11:38:13 | INFO     | __main__                  | Loading dataset...
2026-08-08 15:20:31 | INFO     | __main__                  | ============================================================
2026-08-08 15:20:31 | INFO     | __main__                  | Steel Defect CNN Training
2026-08-08 15:20:31 | INFO     | __main__                  | ============================================================
2026-08-08 15:20:31 | INFO     | __main__                  | Epochs:     2
2026-08-08 15:20:31 | INFO     | __main__                  | Batch size: 32
2026-08-08 15:20:31 | INFO     | __main__                  | LR:         0.001
2026-08-08 15:20:31 | INFO     | __main__                  | Device:     cpu
2026-08-08 15:20:31 | INFO     | __main__                  | Image size: (256, 256)
2026-08-08 15:20:31 | INFO     | __main__                  | Classes:    ['no_defect', 'defect_1', 'defect_2', 'defect_3', 'defect_4']
2026-08-08 15:20:31 | INFO     | __main__                  | Loading dataset...
2026-08-08 15:20:31 | INFO     | __main__                  | Splits | train=8497 | val=1822 | test=1822
2026-08-08 15:20:31 | INFO     | steel_defect.dataset      | SteelDataset created | samples=8497 | transform=yes
2026-08-08 15:20:31 | INFO     | steel_defect.dataset      | SteelDataset created | samples=1822 | transform=yes
2026-08-08 15:20:31 | INFO     | steel_defect.dataset      | DataLoaders created | train=266 batches | val=57 batches | batch_size=32
2026-08-08 15:20:31 | INFO     | __main__                  | Model: SteelCNN(params=102,277)
2026-08-08 15:33:38 | INFO     | __main__                  | Epoch 1/2 | train_loss=1.0026 train_acc=0.573 | val_loss=0.9196 val_acc=0.619 | time=783.1s
2026-08-08 15:33:38 | INFO     | __main__                  | Saved best model with accuracy: best_val_acc=0.619
2026-08-08 15:45:16 | INFO     | __main__                  | Epoch 2/2 | train_loss=0.9350 train_acc=0.625 | val_loss=0.9064 val_acc=0.592 | time=697.9s
2026-08-08 15:45:16 | INFO     | __main__                  | Training complete | time=1485.7s | best_val_acc=0.619
2026-08-08 15:58:38 | INFO     | steel_defect.inference    | SteelPredictor initialized | checkpoint=C:\assignment\anomaly_detection_v2\final_project\models\steel_cnn_best.pt | device=cpu
2026-08-08 15:58:38 | INFO     | steel_defect.inference    | Model loaded | time=44ms
2026-08-08 15:58:50 | INFO     | steel_defect.inference    | Inference #1 | label=defect_3 | confidence=0.500 | time=50.3ms
2026-08-08 15:58:52 | INFO     | steel_defect.inference    | Inference #2 | label=defect_3 | confidence=0.471 | time=60.8ms
2026-08-08 15:58:54 | INFO     | steel_defect.inference    | Inference #3 | label=defect_3 | confidence=0.436 | time=67.4ms
2026-08-08 15:58:55 | INFO     | steel_defect.inference    | Inference #4 | label=no_defect | confidence=0.498 | time=59.7ms
2026-08-08 15:58:57 | INFO     | steel_defect.inference    | Inference #5 | label=defect_3 | confidence=0.441 | time=63.4ms
2026-08-08 15:58:59 | INFO     | steel_defect.inference    | Inference #6 | label=defect_3 | confidence=0.454 | time=43.7ms
2026-08-08 15:59:00 | INFO     | steel_defect.inference    | Inference #7 | label=defect_3 | confidence=0.465 | time=61.9ms
2026-08-08 15:59:02 | INFO     | steel_defect.inference    | Inference #8 | label=defect_3 | confidence=0.462 | time=64.2ms
2026-08-08 15:59:04 | INFO     | steel_defect.inference    | Inference #9 | label=no_defect | confidence=0.441 | time=53.0ms
2026-08-08 15:59:05 | INFO     | steel_defect.inference    | Inference #10 | label=defect_3 | confidence=0.514 | time=64.3ms
2026-08-08 16:01:03 | INFO     | __main__                  | ============================================================
2026-08-08 16:01:03 | INFO     | __main__                  | Steel Defect CNN Training
2026-08-08 16:01:03 | INFO     | __main__                  | ============================================================
2026-08-08 16:01:03 | INFO     | __main__                  | Epochs:     20
2026-08-08 16:01:03 | INFO     | __main__                  | Batch size: 32
2026-08-08 16:01:03 | INFO     | __main__                  | LR:         0.001
2026-08-08 16:01:03 | INFO     | __main__                  | Device:     cpu
2026-08-08 16:01:03 | INFO     | __main__                  | Image size: (256, 256)
2026-08-08 16:01:03 | INFO     | __main__                  | Classes:    ['no_defect', 'defect_1', 'defect_2', 'defect_3', 'defect_4']
2026-08-08 16:01:03 | INFO     | __main__                  | Loading dataset...
2026-08-08 16:01:04 | INFO     | __main__                  | Splits | train=8497 | val=1822 | test=1822
2026-08-08 16:01:04 | INFO     | steel_defect.dataset      | SteelDataset created | samples=8497 | transform=yes
2026-08-08 16:01:04 | INFO     | steel_defect.dataset      | SteelDataset created | samples=1822 | transform=yes
2026-08-08 16:01:04 | INFO     | steel_defect.dataset      | DataLoaders created | train=266 batches | val=57 batches | batch_size=32
2026-08-08 16:01:04 | INFO     | __main__                  | Model: SteelCNN(params=102,277)
2026-08-08 16:12:54 | INFO     | __main__                  | Epoch 1/20 | train_loss=1.0222 train_acc=0.567 | val_loss=0.9604 val_acc=0.586 | time=707.9s
2026-08-08 16:12:54 | INFO     | __main__                  | Saved best model with accuracy: best_val_acc=0.586
2026-08-08 16:24:26 | INFO     | __main__                  | Epoch 2/20 | train_loss=0.9163 train_acc=0.630 | val_loss=1.0543 val_acc=0.537 | time=692.2s
2026-08-08 16:35:57 | INFO     | __main__                  | Epoch 3/20 | train_loss=0.8807 train_acc=0.652 | val_loss=0.8017 val_acc=0.705 | time=691.0s
2026-08-08 16:35:57 | INFO     | __main__                  | Saved best model with accuracy: best_val_acc=0.705
2026-08-08 16:47:31 | INFO     | __main__                  | Epoch 4/20 | train_loss=0.8409 train_acc=0.673 | val_loss=0.7542 val_acc=0.711 | time=693.9s
2026-08-08 16:47:31 | INFO     | __main__                  | Saved best model with accuracy: best_val_acc=0.711
2026-08-08 16:59:09 | INFO     | __main__                  | Epoch 5/20 | train_loss=0.8269 train_acc=0.670 | val_loss=0.7458 val_acc=0.704 | time=697.4s
2026-08-08 17:10:44 | INFO     | __main__                  | Epoch 6/20 | train_loss=0.7997 train_acc=0.689 | val_loss=0.8342 val_acc=0.660 | time=695.4s
2026-08-08 17:22:21 | INFO     | __main__                  | Epoch 7/20 | train_loss=0.7877 train_acc=0.693 | val_loss=0.7247 val_acc=0.703 | time=696.6s
2026-08-08 17:33:57 | INFO     | __main__                  | Epoch 8/20 | train_loss=0.7501 train_acc=0.709 | val_loss=0.6661 val_acc=0.740 | time=696.4s
2026-08-08 17:33:57 | INFO     | __main__                  | Saved best model with accuracy: best_val_acc=0.740
2026-08-08 17:45:29 | INFO     | __main__                  | Epoch 9/20 | train_loss=0.7386 train_acc=0.715 | val_loss=0.7469 val_acc=0.717 | time=691.7s
2026-08-08 17:56:58 | INFO     | __main__                  | Epoch 10/20 | train_loss=0.7187 train_acc=0.727 | val_loss=0.6254 val_acc=0.763 | time=688.9s
2026-08-08 17:56:58 | INFO     | __main__                  | Saved best model with accuracy: best_val_acc=0.763
2026-08-08 18:08:28 | INFO     | __main__                  | Epoch 11/20 | train_loss=0.7052 train_acc=0.731 | val_loss=0.5997 val_acc=0.776 | time=690.7s
2026-08-08 18:08:28 | INFO     | __main__                  | Saved best model with accuracy: best_val_acc=0.776
2026-08-08 18:19:59 | INFO     | __main__                  | Epoch 12/20 | train_loss=0.6865 train_acc=0.743 | val_loss=0.7031 val_acc=0.695 | time=690.9s
2026-08-08 18:31:33 | INFO     | __main__                  | Epoch 13/20 | train_loss=0.6817 train_acc=0.745 | val_loss=0.5947 val_acc=0.772 | time=693.6s
2026-08-08 18:43:05 | INFO     | __main__                  | Epoch 14/20 | train_loss=0.6613 train_acc=0.748 | val_loss=0.6072 val_acc=0.746 | time=692.2s
2026-08-08 18:54:37 | INFO     | __main__                  | Epoch 15/20 | train_loss=0.6502 train_acc=0.756 | val_loss=0.6251 val_acc=0.766 | time=692.4s
2026-08-08 19:06:07 | INFO     | __main__                  | Epoch 16/20 | train_loss=0.6556 train_acc=0.758 | val_loss=0.7111 val_acc=0.724 | time=689.8s
2026-08-08 19:17:39 | INFO     | __main__                  | Epoch 17/20 | train_loss=0.6258 train_acc=0.766 | val_loss=0.5299 val_acc=0.805 | time=692.0s
2026-08-08 19:17:39 | INFO     | __main__                  | Saved best model with accuracy: best_val_acc=0.805
2026-08-08 19:29:08 | INFO     | __main__                  | Epoch 18/20 | train_loss=0.6133 train_acc=0.771 | val_loss=0.5462 val_acc=0.791 | time=688.3s
2026-08-08 19:40:40 | INFO     | __main__                  | Epoch 19/20 | train_loss=0.6063 train_acc=0.769 | val_loss=0.5858 val_acc=0.765 | time=692.7s
2026-08-08 19:52:11 | INFO     | __main__                  | Epoch 20/20 | train_loss=0.6056 train_acc=0.772 | val_loss=0.5779 val_acc=0.791 | time=691.1s
2026-08-08 19:52:11 | INFO     | __main__                  | Training complete | time=13868.3s | best_val_acc=0.805
2026-08-09 11:54:42 | INFO     | steel_defect.inference    | SteelPredictor initialized | checkpoint=C:\assignment\anomaly_detection_v2\final_project\models\steel_cnn_best.pt | device=cpu
2026-08-09 11:54:42 | INFO     | steel_defect.inference    | Model loaded | time=99ms
2026-08-09 11:55:26 | INFO     | steel_defect.inference    | Inference #1 | label=defect_3 | confidence=0.582 | time=165.4ms
2026-08-09 11:55:28 | INFO     | steel_defect.inference    | Inference #2 | label=defect_3 | confidence=0.541 | time=73.6ms
2026-08-09 11:55:29 | INFO     | steel_defect.inference    | Inference #3 | label=defect_1 | confidence=0.374 | time=57.2ms
2026-08-09 11:55:31 | INFO     | steel_defect.inference    | Inference #4 | label=defect_3 | confidence=0.814 | time=54.4ms
2026-08-09 11:55:33 | INFO     | steel_defect.inference    | Inference #5 | label=no_defect | confidence=0.307 | time=61.0ms
2026-08-09 11:55:34 | INFO     | steel_defect.inference    | Inference #6 | label=defect_3 | confidence=0.451 | time=54.9ms
2026-08-09 11:55:36 | INFO     | steel_defect.inference    | Inference #7 | label=defect_3 | confidence=0.424 | time=68.3ms
2026-08-09 11:55:38 | INFO     | steel_defect.inference    | Inference #8 | label=defect_1 | confidence=0.571 | time=58.4ms
2026-08-09 11:55:40 | INFO     | steel_defect.inference    | Inference #9 | label=defect_3 | confidence=0.687 | time=58.4ms
2026-08-09 11:55:41 | INFO     | steel_defect.inference    | Inference #10 | label=defect_3 | confidence=0.516 | time=54.5ms
2026-08-09 11:55:43 | INFO     | steel_defect.inference    | Inference #11 | label=defect_3 | confidence=0.505 | time=75.0ms
2026-08-09 11:55:45 | INFO     | steel_defect.inference    | Inference #12 | label=defect_1 | confidence=0.359 | time=58.5ms
2026-08-09 11:55:46 | INFO     | steel_defect.inference    | Inference #13 | label=no_defect | confidence=0.844 | time=60.9ms
2026-08-09 11:55:48 | INFO     | steel_defect.inference    | Inference #14 | label=defect_1 | confidence=0.543 | time=54.9ms
2026-08-09 11:55:50 | INFO     | steel_defect.inference    | Inference #15 | label=defect_3 | confidence=0.431 | time=61.2ms
2026-08-09 11:55:51 | INFO     | steel_defect.inference    | Inference #16 | label=defect_3 | confidence=0.941 | time=43.6ms
2026-08-09 11:55:53 | INFO     | steel_defect.inference    | Inference #17 | label=no_defect | confidence=0.587 | time=63.9ms
2026-08-09 11:55:55 | INFO     | steel_defect.inference    | Inference #18 | label=defect_3 | confidence=0.583 | time=57.6ms
2026-08-09 11:55:56 | INFO     | steel_defect.inference    | Inference #19 | label=no_defect | confidence=0.625 | time=56.6ms
2026-08-09 11:55:58 | INFO     | steel_defect.inference    | Inference #20 | label=defect_3 | confidence=0.446 | time=49.2ms
2026-08-09 11:56:00 | INFO     | steel_defect.inference    | Inference #21 | label=defect_3 | confidence=0.567 | time=57.5ms
2026-08-09 11:56:02 | INFO     | steel_defect.inference    | Inference #22 | label=defect_3 | confidence=0.641 | time=40.5ms
2026-08-09 11:56:03 | INFO     | steel_defect.inference    | Inference #23 | label=no_defect | confidence=0.648 | time=51.2ms
2026-08-09 11:56:05 | INFO     | steel_defect.inference    | Inference #24 | label=defect_1 | confidence=0.523 | time=59.6ms
2026-08-09 11:56:07 | INFO     | steel_defect.inference    | Inference #25 | label=defect_3 | confidence=0.563 | time=61.8ms
2026-08-09 11:56:08 | INFO     | steel_defect.inference    | Inference #26 | label=defect_3 | confidence=0.729 | time=50.2ms
2026-08-09 11:56:10 | INFO     | steel_defect.inference    | Inference #27 | label=defect_3 | confidence=0.619 | time=58.8ms
2026-08-09 11:56:12 | INFO     | steel_defect.inference    | Inference #28 | label=defect_3 | confidence=0.538 | time=59.0ms
2026-08-09 11:56:14 | INFO     | steel_defect.inference    | Inference #29 | label=defect_1 | confidence=0.565 | time=59.4ms
2026-08-09 11:56:15 | INFO     | steel_defect.inference    | Inference #30 | label=no_defect | confidence=0.648 | time=63.2ms
2026-08-09 11:56:17 | INFO     | steel_defect.inference    | Inference #31 | label=no_defect | confidence=0.578 | time=57.1ms
2026-08-09 11:56:19 | INFO     | steel_defect.inference    | Inference #32 | label=defect_3 | confidence=0.642 | time=61.9ms
2026-08-09 11:56:20 | INFO     | steel_defect.inference    | Inference #33 | label=defect_3 | confidence=0.501 | time=49.9ms
2026-08-09 11:56:22 | INFO     | steel_defect.inference    | Inference #34 | label=no_defect | confidence=0.411 | time=55.3ms
2026-08-09 11:56:24 | INFO     | steel_defect.inference    | Inference #35 | label=defect_3 | confidence=0.564 | time=64.2ms
2026-08-09 11:56:25 | INFO     | steel_defect.inference    | Inference #36 | label=no_defect | confidence=0.592 | time=50.9ms
2026-08-09 11:56:27 | INFO     | steel_defect.inference    | Inference #37 | label=no_defect | confidence=0.609 | time=57.2ms
2026-08-09 11:56:29 | INFO     | steel_defect.inference    | Inference #38 | label=no_defect | confidence=0.590 | time=45.9ms
2026-08-09 11:56:31 | INFO     | steel_defect.inference    | Inference #39 | label=no_defect | confidence=0.598 | time=58.2ms
2026-08-09 11:56:32 | INFO     | steel_defect.inference    | Inference #40 | label=defect_3 | confidence=0.418 | time=55.8ms
2026-08-09 11:56:34 | INFO     | steel_defect.inference    | Inference #41 | label=no_defect | confidence=0.647 | time=59.4ms
2026-08-09 11:56:36 | INFO     | steel_defect.inference    | Inference #42 | label=defect_3 | confidence=0.514 | time=72.1ms
2026-08-09 11:56:37 | INFO     | steel_defect.inference    | Inference #43 | label=defect_1 | confidence=0.581 | time=56.5ms
2026-08-09 11:56:39 | INFO     | steel_defect.inference    | Inference #44 | label=defect_3 | confidence=0.476 | time=60.3ms
2026-08-09 11:56:41 | INFO     | steel_defect.inference    | Inference #45 | label=defect_3 | confidence=0.624 | time=57.5ms
2026-08-09 11:56:42 | INFO     | steel_defect.inference    | Inference #46 | label=defect_3 | confidence=0.580 | time=54.0ms
2026-08-09 11:56:44 | INFO     | steel_defect.inference    | Inference #47 | label=no_defect | confidence=0.388 | time=55.4ms
2026-08-09 11:56:46 | INFO     | steel_defect.inference    | Inference #48 | label=defect_1 | confidence=0.543 | time=55.1ms
2026-08-09 11:56:47 | INFO     | steel_defect.inference    | Inference #49 | label=defect_3 | confidence=0.401 | time=43.4ms
2026-08-09 11:56:49 | INFO     | steel_defect.inference    | Inference #50 | label=defect_3 | confidence=0.357 | time=63.0ms
2026-08-09 11:56:51 | INFO     | steel_defect.inference    | Inference #51 | label=defect_1 | confidence=0.480 | time=44.9ms
2026-08-09 11:56:53 | INFO     | steel_defect.inference    | Inference #52 | label=defect_1 | confidence=0.566 | time=48.3ms
2026-08-09 11:56:54 | INFO     | steel_defect.inference    | Inference #53 | label=defect_1 | confidence=0.568 | time=61.0ms
2026-08-09 11:56:56 | INFO     | steel_defect.inference    | Inference #54 | label=defect_3 | confidence=0.572 | time=37.9ms
2026-08-09 11:56:58 | INFO     | steel_defect.inference    | Inference #55 | label=defect_3 | confidence=0.807 | time=58.5ms
2026-08-09 11:56:59 | INFO     | steel_defect.inference    | Inference #56 | label=defect_3 | confidence=0.547 | time=51.3ms
2026-08-09 11:57:01 | INFO     | steel_defect.inference    | Inference #57 | label=defect_1 | confidence=0.576 | time=52.2ms
2026-08-09 11:57:03 | INFO     | steel_defect.inference    | Inference #58 | label=defect_3 | confidence=0.717 | time=65.0ms
2026-08-09 11:57:04 | INFO     | steel_defect.inference    | Inference #59 | label=defect_3 | confidence=0.638 | time=57.6ms
2026-08-09 11:57:06 | INFO     | steel_defect.inference    | Inference #60 | label=defect_1 | confidence=0.541 | time=117.6ms
2026-08-09 11:57:08 | INFO     | steel_defect.inference    | Inference #61 | label=defect_3 | confidence=0.417 | time=56.0ms
2026-08-09 11:57:09 | INFO     | steel_defect.inference    | Inference #62 | label=no_defect | confidence=0.477 | time=43.2ms
2026-08-09 11:57:11 | INFO     | steel_defect.inference    | Inference #63 | label=no_defect | confidence=0.402 | time=49.5ms
2026-08-09 11:57:13 | INFO     | steel_defect.inference    | Inference #64 | label=defect_3 | confidence=0.545 | time=47.3ms
2026-08-09 11:57:15 | INFO     | steel_defect.inference    | Inference #65 | label=defect_1 | confidence=0.435 | time=53.8ms
2026-08-09 11:57:16 | INFO     | steel_defect.inference    | Inference #66 | label=defect_3 | confidence=0.433 | time=48.7ms
2026-08-09 11:57:18 | INFO     | steel_defect.inference    | Inference #67 | label=defect_1 | confidence=0.474 | time=65.1ms
2026-08-09 11:57:20 | INFO     | steel_defect.inference    | Inference #68 | label=defect_1 | confidence=0.551 | time=59.9ms
2026-08-09 11:57:21 | INFO     | steel_defect.inference    | Inference #69 | label=no_defect | confidence=0.769 | time=46.2ms
2026-08-09 11:57:23 | INFO     | steel_defect.inference    | Inference #70 | label=no_defect | confidence=0.605 | time=37.5ms
2026-08-09 11:57:25 | INFO     | steel_defect.inference    | Inference #71 | label=defect_3 | confidence=0.513 | time=59.0ms
2026-08-09 11:57:26 | INFO     | steel_defect.inference    | Inference #72 | label=no_defect | confidence=0.773 | time=62.7ms
2026-08-09 11:57:28 | INFO     | steel_defect.inference    | Inference #73 | label=defect_1 | confidence=0.380 | time=63.9ms
2026-08-09 11:57:30 | INFO     | steel_defect.inference    | Inference #74 | label=defect_3 | confidence=0.620 | time=48.4ms
2026-08-09 11:57:31 | INFO     | steel_defect.inference    | Inference #75 | label=no_defect | confidence=0.463 | time=55.0ms
2026-08-09 11:57:33 | INFO     | steel_defect.inference    | Inference #76 | label=defect_3 | confidence=0.592 | time=69.1ms
2026-08-09 11:57:35 | INFO     | steel_defect.inference    | Inference #77 | label=no_defect | confidence=0.696 | time=60.8ms
2026-08-09 11:57:37 | INFO     | steel_defect.inference    | Inference #78 | label=defect_1 | confidence=0.367 | time=59.9ms
2026-08-09 11:57:38 | INFO     | steel_defect.inference    | Inference #79 | label=no_defect | confidence=0.429 | time=56.8ms
2026-08-09 11:57:40 | INFO     | steel_defect.inference    | Inference #80 | label=defect_3 | confidence=0.504 | time=58.9ms
2026-08-09 11:57:42 | INFO     | steel_defect.inference    | Inference #81 | label=defect_3 | confidence=0.579 | time=67.9ms
2026-08-09 11:57:43 | INFO     | steel_defect.inference    | Inference #82 | label=defect_3 | confidence=0.612 | time=56.0ms
2026-08-09 11:57:45 | INFO     | steel_defect.inference    | Inference #83 | label=defect_1 | confidence=0.529 | time=68.9ms
2026-08-09 11:57:47 | INFO     | steel_defect.inference    | Inference #84 | label=no_defect | confidence=0.840 | time=69.0ms
2026-08-09 11:57:48 | INFO     | steel_defect.inference    | Inference #85 | label=defect_3 | confidence=0.435 | time=84.7ms
2026-08-09 11:57:50 | INFO     | steel_defect.inference    | Inference #86 | label=no_defect | confidence=0.643 | time=59.8ms
2026-08-09 11:57:52 | INFO     | steel_defect.inference    | Inference #87 | label=defect_1 | confidence=0.556 | time=60.2ms
2026-08-09 11:57:53 | INFO     | steel_defect.inference    | Inference #88 | label=no_defect | confidence=0.555 | time=70.1ms
2026-08-09 11:57:55 | INFO     | steel_defect.inference    | Inference #89 | label=defect_1 | confidence=0.549 | time=72.6ms
2026-08-09 11:57:57 | INFO     | steel_defect.inference    | Inference #90 | label=defect_1 | confidence=0.423 | time=50.5ms
2026-08-09 11:57:59 | INFO     | steel_defect.inference    | Inference #91 | label=defect_3 | confidence=0.395 | time=60.3ms
2026-08-09 11:58:00 | INFO     | steel_defect.inference    | Inference #92 | label=defect_3 | confidence=0.427 | time=52.0ms
2026-08-09 11:58:02 | INFO     | steel_defect.inference    | Inference #93 | label=defect_1 | confidence=0.478 | time=63.6ms
2026-08-09 11:58:04 | INFO     | steel_defect.inference    | Inference #94 | label=no_defect | confidence=0.884 | time=41.4ms
2026-08-09 11:58:05 | INFO     | steel_defect.inference    | Inference #95 | label=defect_3 | confidence=0.838 | time=56.2ms
2026-08-09 11:58:07 | INFO     | steel_defect.inference    | Inference #96 | label=defect_3 | confidence=0.665 | time=59.8ms
2026-08-09 11:58:09 | INFO     | steel_defect.inference    | Inference #97 | label=defect_3 | confidence=0.426 | time=49.9ms
2026-08-09 11:58:10 | INFO     | steel_defect.inference    | Inference #98 | label=no_defect | confidence=0.654 | time=56.9ms
2026-08-09 11:58:12 | INFO     | steel_defect.inference    | Inference #99 | label=no_defect | confidence=0.770 | time=63.3ms
2026-08-09 11:58:14 | INFO     | steel_defect.inference    | Inference #100 | label=defect_1 | confidence=0.459 | time=63.6ms
2026-08-09 11:58:15 | INFO     | steel_defect.inference    | Inference #101 | label=defect_3 | confidence=0.442 | time=56.3ms
2026-08-09 11:58:17 | INFO     | steel_defect.inference    | Inference #102 | label=defect_3 | confidence=0.497 | time=62.2ms
2026-08-09 11:58:19 | INFO     | steel_defect.inference    | Inference #103 | label=no_defect | confidence=0.453 | time=58.3ms
2026-08-09 11:58:20 | INFO     | steel_defect.inference    | Inference #104 | label=defect_3 | confidence=0.435 | time=56.7ms
2026-08-09 11:58:22 | INFO     | steel_defect.inference    | Inference #105 | label=defect_3 | confidence=0.520 | time=46.5ms
2026-08-09 11:58:24 | INFO     | steel_defect.inference    | Inference #106 | label=defect_1 | confidence=0.566 | time=58.7ms
2026-08-09 11:58:25 | INFO     | steel_defect.inference    | Inference #107 | label=no_defect | confidence=0.703 | time=47.1ms
2026-08-09 11:58:27 | INFO     | steel_defect.inference    | Inference #108 | label=defect_1 | confidence=0.574 | time=59.2ms
2026-08-09 11:58:29 | INFO     | steel_defect.inference    | Inference #109 | label=defect_3 | confidence=0.547 | time=75.7ms
2026-08-09 11:58:31 | INFO     | steel_defect.inference    | Inference #110 | label=defect_3 | confidence=0.732 | time=64.2ms
2026-08-09 11:58:32 | INFO     | steel_defect.inference    | Inference #111 | label=defect_1 | confidence=0.518 | time=53.3ms
2026-08-09 11:58:34 | INFO     | steel_defect.inference    | Inference #112 | label=defect_3 | confidence=0.442 | time=60.0ms
2026-08-09 11:58:36 | INFO     | steel_defect.inference    | Inference #113 | label=defect_3 | confidence=0.395 | time=62.3ms
2026-08-09 11:58:37 | INFO     | steel_defect.inference    | Inference #114 | label=defect_1 | confidence=0.541 | time=55.5ms
2026-08-09 11:58:39 | INFO     | steel_defect.inference    | Inference #115 | label=defect_3 | confidence=0.544 | time=61.7ms
2026-08-09 11:58:41 | INFO     | steel_defect.inference    | Inference #116 | label=defect_3 | confidence=0.657 | time=60.4ms
2026-08-09 11:58:42 | INFO     | steel_defect.inference    | Inference #117 | label=defect_3 | confidence=0.603 | time=52.8ms
2026-08-09 11:58:44 | INFO     | steel_defect.inference    | Inference #118 | label=no_defect | confidence=0.625 | time=60.5ms
2026-08-09 11:58:46 | INFO     | steel_defect.inference    | Inference #119 | label=defect_3 | confidence=0.510 | time=63.5ms
2026-08-09 11:58:47 | INFO     | steel_defect.inference    | Inference #120 | label=no_defect | confidence=0.581 | time=55.5ms
2026-08-09 11:58:49 | INFO     | steel_defect.inference    | Inference #121 | label=no_defect | confidence=0.519 | time=39.9ms
2026-08-09 11:58:51 | INFO     | steel_defect.inference    | Inference #122 | label=defect_1 | confidence=0.312 | time=43.8ms
2026-08-09 11:58:52 | INFO     | steel_defect.inference    | Inference #123 | label=defect_3 | confidence=0.526 | time=56.1ms
2026-08-09 11:58:54 | INFO     | steel_defect.inference    | Inference #124 | label=defect_3 | confidence=0.689 | time=52.4ms
2026-08-09 11:58:56 | INFO     | steel_defect.inference    | Inference #125 | label=defect_1 | confidence=0.341 | time=48.0ms
2026-08-09 11:58:58 | INFO     | steel_defect.inference    | Inference #126 | label=no_defect | confidence=0.402 | time=58.0ms
2026-08-09 11:58:59 | INFO     | steel_defect.inference    | Inference #127 | label=defect_3 | confidence=0.488 | time=56.4ms
2026-08-09 11:59:01 | INFO     | steel_defect.inference    | Inference #128 | label=defect_1 | confidence=0.546 | time=47.9ms
2026-08-09 11:59:03 | INFO     | steel_defect.inference    | Inference #129 | label=defect_3 | confidence=0.606 | time=61.1ms
2026-08-09 11:59:04 | INFO     | steel_defect.inference    | Inference #130 | label=defect_3 | confidence=0.467 | time=60.5ms
2026-08-09 11:59:06 | INFO     | steel_defect.inference    | Inference #131 | label=defect_3 | confidence=0.499 | time=47.4ms
2026-08-09 11:59:08 | INFO     | steel_defect.inference    | Inference #132 | label=no_defect | confidence=0.512 | time=58.8ms
2026-08-09 11:59:09 | INFO     | steel_defect.inference    | Inference #133 | label=defect_3 | confidence=0.737 | time=55.2ms
2026-08-09 11:59:11 | INFO     | steel_defect.inference    | Inference #134 | label=no_defect | confidence=0.480 | time=42.8ms
2026-08-09 11:59:13 | INFO     | steel_defect.inference    | Inference #135 | label=defect_1 | confidence=0.535 | time=55.5ms
2026-08-09 11:59:14 | INFO     | steel_defect.inference    | Inference #136 | label=no_defect | confidence=0.530 | time=45.8ms
2026-08-09 11:59:16 | INFO     | steel_defect.inference    | Inference #137 | label=defect_3 | confidence=0.587 | time=47.5ms
2026-08-09 11:59:18 | INFO     | steel_defect.inference    | Inference #138 | label=defect_3 | confidence=0.555 | time=53.0ms
2026-08-09 11:59:19 | INFO     | steel_defect.inference    | Inference #139 | label=defect_3 | confidence=0.422 | time=48.2ms
2026-08-09 11:59:21 | INFO     | steel_defect.inference    | Inference #140 | label=defect_3 | confidence=0.472 | time=54.5ms
2026-08-09 11:59:23 | INFO     | steel_defect.inference    | Inference #141 | label=defect_1 | confidence=0.434 | time=49.8ms
2026-08-09 11:59:24 | INFO     | steel_defect.inference    | Inference #142 | label=defect_1 | confidence=0.526 | time=69.1ms
2026-08-09 11:59:26 | INFO     | steel_defect.inference    | Inference #143 | label=defect_3 | confidence=0.522 | time=45.7ms
2026-08-09 11:59:28 | INFO     | steel_defect.inference    | Inference #144 | label=defect_3 | confidence=0.351 | time=49.6ms
2026-08-09 11:59:29 | INFO     | steel_defect.inference    | Inference #145 | label=defect_1 | confidence=0.509 | time=50.9ms
2026-08-09 11:59:31 | INFO     | steel_defect.inference    | Inference #146 | label=no_defect | confidence=0.363 | time=58.5ms
2026-08-09 11:59:33 | INFO     | steel_defect.inference    | Inference #147 | label=no_defect | confidence=0.483 | time=59.6ms
2026-08-09 11:59:34 | INFO     | steel_defect.inference    | Inference #148 | label=no_defect | confidence=0.637 | time=58.6ms
2026-08-09 11:59:36 | INFO     | steel_defect.inference    | Inference #149 | label=no_defect | confidence=0.538 | time=52.4ms
2026-08-09 11:59:38 | INFO     | steel_defect.inference    | Inference #150 | label=defect_1 | confidence=0.587 | time=66.9ms
2026-08-09 11:59:40 | INFO     | steel_defect.inference    | Inference #151 | label=no_defect | confidence=0.447 | time=59.4ms
2026-08-09 11:59:41 | INFO     | steel_defect.inference    | Inference #152 | label=defect_3 | confidence=0.612 | time=56.9ms
2026-08-09 11:59:43 | INFO     | steel_defect.inference    | Inference #153 | label=defect_3 | confidence=0.598 | time=57.3ms
2026-08-09 11:59:45 | INFO     | steel_defect.inference    | Inference #154 | label=defect_1 | confidence=0.575 | time=52.8ms
2026-08-09 11:59:46 | INFO     | steel_defect.inference    | Inference #155 | label=defect_3 | confidence=0.444 | time=55.9ms
2026-08-09 11:59:48 | INFO     | steel_defect.inference    | Inference #156 | label=defect_1 | confidence=0.530 | time=55.6ms
2026-08-09 11:59:50 | INFO     | steel_defect.inference    | Inference #157 | label=defect_1 | confidence=0.361 | time=50.4ms
2026-08-09 11:59:51 | INFO     | steel_defect.inference    | Inference #158 | label=defect_3 | confidence=0.518 | time=52.5ms
2026-08-09 11:59:53 | INFO     | steel_defect.inference    | Inference #159 | label=no_defect | confidence=0.688 | time=52.9ms
2026-08-09 11:59:55 | INFO     | steel_defect.inference    | Inference #160 | label=defect_3 | confidence=0.551 | time=57.9ms
2026-08-09 11:59:56 | INFO     | steel_defect.inference    | Inference #161 | label=defect_1 | confidence=0.595 | time=52.8ms
2026-08-09 11:59:58 | INFO     | steel_defect.inference    | Inference #162 | label=defect_3 | confidence=0.601 | time=63.2ms
2026-08-09 12:00:00 | INFO     | steel_defect.inference    | Inference #163 | label=no_defect | confidence=0.487 | time=53.9ms
2026-08-09 12:00:01 | INFO     | steel_defect.inference    | Inference #164 | label=no_defect | confidence=0.561 | time=55.9ms
2026-08-09 12:00:03 | INFO     | steel_defect.inference    | Inference #165 | label=no_defect | confidence=0.579 | time=53.1ms
2026-08-09 12:00:05 | INFO     | steel_defect.inference    | Inference #166 | label=defect_3 | confidence=0.618 | time=55.3ms
2026-08-09 12:00:06 | INFO     | steel_defect.inference    | Inference #167 | label=defect_3 | confidence=0.567 | time=59.6ms
2026-08-09 12:00:08 | INFO     | steel_defect.inference    | Inference #168 | label=no_defect | confidence=0.548 | time=61.8ms
2026-08-09 12:00:10 | INFO     | steel_defect.inference    | Inference #169 | label=defect_1 | confidence=0.413 | time=51.4ms
2026-08-09 12:00:11 | INFO     | steel_defect.inference    | Inference #170 | label=defect_3 | confidence=0.420 | time=57.5ms
2026-08-09 12:00:13 | INFO     | steel_defect.inference    | Inference #171 | label=defect_3 | confidence=0.632 | time=47.8ms
2026-08-09 12:00:15 | INFO     | steel_defect.inference    | Inference #172 | label=no_defect | confidence=0.435 | time=52.0ms
2026-08-09 12:00:16 | INFO     | steel_defect.inference    | Inference #173 | label=defect_3 | confidence=0.636 | time=61.1ms
2026-08-09 12:00:18 | INFO     | steel_defect.inference    | Inference #174 | label=defect_3 | confidence=0.554 | time=53.9ms
2026-08-09 12:00:20 | INFO     | steel_defect.inference    | Inference #175 | label=defect_3 | confidence=0.614 | time=62.3ms
2026-08-09 12:00:22 | INFO     | steel_defect.inference    | Inference #176 | label=no_defect | confidence=0.514 | time=55.4ms
2026-08-09 12:00:23 | INFO     | steel_defect.inference    | Inference #177 | label=defect_3 | confidence=0.331 | time=53.2ms
2026-08-09 12:00:25 | INFO     | steel_defect.inference    | Inference #178 | label=defect_3 | confidence=0.513 | time=71.6ms
2026-08-09 12:00:27 | INFO     | steel_defect.inference    | Inference #179 | label=defect_1 | confidence=0.371 | time=49.0ms
2026-08-09 12:00:28 | INFO     | steel_defect.inference    | Inference #180 | label=defect_3 | confidence=0.659 | time=53.3ms
2026-08-09 12:00:30 | INFO     | steel_defect.inference    | Inference #181 | label=no_defect | confidence=0.591 | time=50.6ms
2026-08-09 12:00:32 | INFO     | steel_defect.inference    | Inference #182 | label=no_defect | confidence=0.848 | time=63.8ms
2026-08-09 12:00:33 | INFO     | steel_defect.inference    | Inference #183 | label=no_defect | confidence=0.593 | time=55.3ms
2026-08-09 12:00:35 | INFO     | steel_defect.inference    | Inference #184 | label=no_defect | confidence=0.857 | time=52.9ms
2026-08-09 12:00:37 | INFO     | steel_defect.inference    | Inference #185 | label=defect_1 | confidence=0.619 | time=53.2ms
2026-08-09 12:00:38 | INFO     | steel_defect.inference    | Inference #186 | label=defect_1 | confidence=0.458 | time=59.4ms
2026-08-09 12:00:40 | INFO     | steel_defect.inference    | Inference #187 | label=defect_3 | confidence=0.711 | time=59.6ms
2026-08-09 12:00:42 | INFO     | steel_defect.inference    | Inference #188 | label=defect_3 | confidence=0.632 | time=57.2ms
2026-08-09 12:00:43 | INFO     | steel_defect.inference    | Inference #189 | label=no_defect | confidence=0.697 | time=60.4ms
2026-08-09 12:00:45 | INFO     | steel_defect.inference    | Inference #190 | label=defect_1 | confidence=0.558 | time=57.7ms
2026-08-09 12:00:47 | INFO     | steel_defect.inference    | Inference #191 | label=no_defect | confidence=0.640 | time=52.6ms
2026-08-09 12:00:48 | INFO     | steel_defect.inference    | Inference #192 | label=no_defect | confidence=0.440 | time=56.3ms
2026-08-09 12:00:50 | INFO     | steel_defect.inference    | Inference #193 | label=no_defect | confidence=0.499 | time=55.0ms
2026-08-09 12:00:52 | INFO     | steel_defect.inference    | Inference #194 | label=defect_1 | confidence=0.532 | time=53.9ms
2026-08-09 12:00:53 | INFO     | steel_defect.inference    | Inference #195 | label=defect_3 | confidence=0.536 | time=51.7ms
2026-08-09 12:00:55 | INFO     | steel_defect.inference    | Inference #196 | label=no_defect | confidence=0.652 | time=53.3ms
2026-08-09 12:00:57 | INFO     | steel_defect.inference    | Inference #197 | label=no_defect | confidence=0.642 | time=43.9ms
2026-08-09 12:00:58 | INFO     | steel_defect.inference    | Inference #198 | label=defect_3 | confidence=0.518 | time=55.4ms
2026-08-09 12:01:00 | INFO     | steel_defect.inference    | Inference #199 | label=defect_3 | confidence=0.873 | time=57.8ms
2026-08-09 12:01:02 | INFO     | steel_defect.inference    | Inference #200 | label=defect_1 | confidence=0.595 | time=51.6ms
2026-08-09 12:01:04 | INFO     | steel_defect.inference    | Inference #201 | label=defect_1 | confidence=0.493 | time=61.9ms
2026-08-09 12:01:05 | INFO     | steel_defect.inference    | Inference #202 | label=defect_1 | confidence=0.508 | time=63.3ms
2026-08-09 12:01:07 | INFO     | steel_defect.inference    | Inference #203 | label=defect_1 | confidence=0.564 | time=63.1ms
2026-08-09 12:01:09 | INFO     | steel_defect.inference    | Inference #204 | label=no_defect | confidence=0.659 | time=55.9ms
2026-08-09 12:01:10 | INFO     | steel_defect.inference    | Inference #205 | label=defect_3 | confidence=0.620 | time=53.5ms
2026-08-09 12:01:12 | INFO     | steel_defect.inference    | Inference #206 | label=no_defect | confidence=0.754 | time=37.3ms
2026-08-09 12:01:14 | INFO     | steel_defect.inference    | Inference #207 | label=defect_1 | confidence=0.460 | time=43.0ms
2026-08-09 12:01:15 | INFO     | steel_defect.inference    | Inference #208 | label=no_defect | confidence=0.435 | time=64.9ms
2026-08-09 12:01:17 | INFO     | steel_defect.inference    | Inference #209 | label=no_defect | confidence=0.448 | time=50.3ms
2026-08-09 12:01:19 | INFO     | steel_defect.inference    | Inference #210 | label=defect_3 | confidence=0.664 | time=49.6ms
2026-08-09 12:01:20 | INFO     | steel_defect.inference    | Inference #211 | label=no_defect | confidence=0.522 | time=50.2ms
2026-08-09 12:01:22 | INFO     | steel_defect.inference    | Inference #212 | label=defect_3 | confidence=0.477 | time=59.4ms
2026-08-09 12:01:24 | INFO     | steel_defect.inference    | Inference #213 | label=defect_3 | confidence=0.833 | time=56.3ms
2026-08-09 12:01:25 | INFO     | steel_defect.inference    | Inference #214 | label=defect_1 | confidence=0.461 | time=68.3ms
2026-08-09 12:01:27 | INFO     | steel_defect.inference    | Inference #215 | label=defect_1 | confidence=0.400 | time=56.8ms
2026-08-09 12:01:29 | INFO     | steel_defect.inference    | Inference #216 | label=defect_3 | confidence=0.517 | time=54.7ms
2026-08-09 12:01:30 | INFO     | steel_defect.inference    | Inference #217 | label=no_defect | confidence=0.591 | time=56.2ms
2026-08-09 12:01:32 | INFO     | steel_defect.inference    | Inference #218 | label=defect_1 | confidence=0.480 | time=51.9ms
2026-08-09 12:01:34 | INFO     | steel_defect.inference    | Inference #219 | label=defect_1 | confidence=0.545 | time=60.7ms
2026-08-09 12:01:35 | INFO     | steel_defect.inference    | Inference #220 | label=defect_1 | confidence=0.397 | time=55.8ms
2026-08-09 12:01:37 | INFO     | steel_defect.inference    | Inference #221 | label=defect_3 | confidence=0.529 | time=51.6ms
2026-08-09 12:01:39 | INFO     | steel_defect.inference    | Inference #222 | label=defect_3 | confidence=0.439 | time=61.8ms
2026-08-09 12:01:41 | INFO     | steel_defect.inference    | Inference #223 | label=defect_3 | confidence=0.622 | time=60.2ms
2026-08-09 12:01:42 | INFO     | steel_defect.inference    | Inference #224 | label=no_defect | confidence=0.439 | time=41.2ms
2026-08-09 12:01:44 | INFO     | steel_defect.inference    | Inference #225 | label=defect_3 | confidence=0.365 | time=45.5ms
2026-08-09 12:01:46 | INFO     | steel_defect.inference    | Inference #226 | label=defect_3 | confidence=0.487 | time=46.3ms
2026-08-09 12:01:47 | INFO     | steel_defect.inference    | Inference #227 | label=defect_1 | confidence=0.473 | time=49.0ms
2026-08-09 12:01:49 | INFO     | steel_defect.inference    | Inference #228 | label=no_defect | confidence=0.473 | time=51.9ms
2026-08-09 12:01:51 | INFO     | steel_defect.inference    | Inference #229 | label=defect_3 | confidence=0.485 | time=55.0ms
2026-08-09 12:01:52 | INFO     | steel_defect.inference    | Inference #230 | label=defect_1 | confidence=0.547 | time=40.0ms
2026-08-09 12:01:54 | INFO     | steel_defect.inference    | Inference #231 | label=defect_1 | confidence=0.577 | time=60.4ms
2026-08-09 12:01:56 | INFO     | steel_defect.inference    | Inference #232 | label=defect_3 | confidence=0.439 | time=62.9ms
2026-08-09 12:01:57 | INFO     | steel_defect.inference    | Inference #233 | label=defect_3 | confidence=0.330 | time=57.5ms
2026-08-09 12:01:59 | INFO     | steel_defect.inference    | Inference #234 | label=defect_3 | confidence=0.470 | time=60.0ms
2026-08-09 12:02:01 | INFO     | steel_defect.inference    | Inference #235 | label=defect_1 | confidence=0.513 | time=56.5ms
2026-08-09 12:02:02 | INFO     | steel_defect.inference    | Inference #236 | label=defect_1 | confidence=0.539 | time=59.9ms
2026-08-09 12:02:04 | INFO     | steel_defect.inference    | Inference #237 | label=defect_3 | confidence=0.356 | time=56.9ms
2026-08-09 12:02:06 | INFO     | steel_defect.inference    | Inference #238 | label=defect_3 | confidence=0.339 | time=49.7ms
2026-08-09 12:02:07 | INFO     | steel_defect.inference    | Inference #239 | label=defect_3 | confidence=0.798 | time=55.1ms
2026-08-09 12:02:09 | INFO     | steel_defect.inference    | Inference #240 | label=no_defect | confidence=0.517 | time=56.3ms
2026-08-09 12:02:11 | INFO     | steel_defect.inference    | Inference #241 | label=defect_3 | confidence=0.449 | time=42.3ms
2026-08-09 12:02:12 | INFO     | steel_defect.inference    | Inference #242 | label=defect_3 | confidence=0.354 | time=49.5ms
2026-08-09 12:02:14 | INFO     | steel_defect.inference    | Inference #243 | label=defect_1 | confidence=0.548 | time=67.4ms
2026-08-09 12:02:16 | INFO     | steel_defect.inference    | Inference #244 | label=defect_3 | confidence=0.569 | time=63.9ms
2026-08-09 12:02:18 | INFO     | steel_defect.inference    | Inference #245 | label=defect_3 | confidence=0.477 | time=53.0ms
2026-08-09 12:02:19 | INFO     | steel_defect.inference    | Inference #246 | label=defect_3 | confidence=0.580 | time=51.0ms
2026-08-09 12:02:21 | INFO     | steel_defect.inference    | Inference #247 | label=defect_3 | confidence=0.469 | time=63.6ms
2026-08-09 12:02:23 | INFO     | steel_defect.inference    | Inference #248 | label=defect_3 | confidence=0.484 | time=56.9ms
2026-08-09 12:02:24 | INFO     | steel_defect.inference    | Inference #249 | label=defect_1 | confidence=0.550 | time=61.3ms
2026-08-09 12:02:26 | INFO     | steel_defect.inference    | Inference #250 | label=no_defect | confidence=0.632 | time=63.0ms
2026-08-09 12:02:28 | INFO     | steel_defect.inference    | Inference #251 | label=defect_3 | confidence=0.431 | time=56.7ms
2026-08-09 12:02:29 | INFO     | steel_defect.inference    | Inference #252 | label=defect_1 | confidence=0.377 | time=62.7ms
2026-08-09 12:02:31 | INFO     | steel_defect.inference    | Inference #253 | label=defect_3 | confidence=0.494 | time=61.9ms
2026-08-09 12:02:33 | INFO     | steel_defect.inference    | Inference #254 | label=no_defect | confidence=0.630 | time=48.9ms
2026-08-09 12:02:34 | INFO     | steel_defect.inference    | Inference #255 | label=defect_3 | confidence=0.445 | time=46.8ms
2026-08-09 12:02:36 | INFO     | steel_defect.inference    | Inference #256 | label=defect_1 | confidence=0.538 | time=67.3ms
2026-08-09 12:02:38 | INFO     | steel_defect.inference    | Inference #257 | label=no_defect | confidence=0.440 | time=60.4ms
2026-08-09 12:02:39 | INFO     | steel_defect.inference    | Inference #258 | label=defect_3 | confidence=0.578 | time=57.3ms
2026-08-09 12:02:41 | INFO     | steel_defect.inference    | Inference #259 | label=defect_3 | confidence=0.388 | time=49.2ms
2026-08-09 12:02:43 | INFO     | steel_defect.inference    | Inference #260 | label=defect_3 | confidence=0.652 | time=53.9ms
2026-08-09 12:02:44 | INFO     | steel_defect.inference    | Inference #261 | label=defect_3 | confidence=0.676 | time=57.7ms
2026-08-09 12:02:46 | INFO     | steel_defect.inference    | Inference #262 | label=defect_1 | confidence=0.506 | time=56.5ms
2026-08-09 12:02:48 | INFO     | steel_defect.inference    | Inference #263 | label=defect_1 | confidence=0.499 | time=49.9ms
2026-08-09 12:02:50 | INFO     | steel_defect.inference    | Inference #264 | label=defect_1 | confidence=0.528 | time=58.7ms
2026-08-09 12:02:51 | INFO     | steel_defect.inference    | Inference #265 | label=defect_3 | confidence=0.486 | time=53.6ms
2026-08-09 12:02:53 | INFO     | steel_defect.inference    | Inference #266 | label=no_defect | confidence=0.464 | time=51.0ms
2026-08-09 12:02:55 | INFO     | steel_defect.inference    | Inference #267 | label=defect_3 | confidence=0.572 | time=64.8ms
2026-08-09 12:02:56 | INFO     | steel_defect.inference    | Inference #268 | label=defect_3 | confidence=0.447 | time=56.7ms
2026-08-09 12:02:58 | INFO     | steel_defect.inference    | Inference #269 | label=defect_1 | confidence=0.391 | time=59.9ms
2026-08-09 12:03:00 | INFO     | steel_defect.inference    | Inference #270 | label=defect_3 | confidence=0.841 | time=45.3ms
2026-08-09 12:03:01 | INFO     | steel_defect.inference    | Inference #271 | label=defect_3 | confidence=0.498 | time=50.5ms
2026-08-09 12:03:03 | INFO     | steel_defect.inference    | Inference #272 | label=defect_3 | confidence=0.691 | time=64.8ms
2026-08-09 12:03:05 | INFO     | steel_defect.inference    | Inference #273 | label=no_defect | confidence=0.371 | time=60.9ms
2026-08-09 12:03:06 | INFO     | steel_defect.inference    | Inference #274 | label=no_defect | confidence=0.822 | time=39.3ms
2026-08-09 12:03:08 | INFO     | steel_defect.inference    | Inference #275 | label=no_defect | confidence=0.677 | time=59.2ms
2026-08-09 12:03:10 | INFO     | steel_defect.inference    | Inference #276 | label=defect_1 | confidence=0.520 | time=62.5ms
2026-08-09 12:03:11 | INFO     | steel_defect.inference    | Inference #277 | label=defect_1 | confidence=0.545 | time=54.3ms
2026-08-09 12:03:13 | INFO     | steel_defect.inference    | Inference #278 | label=defect_3 | confidence=0.535 | time=60.6ms
2026-08-09 12:03:15 | INFO     | steel_defect.inference    | Inference #279 | label=defect_3 | confidence=0.569 | time=55.6ms
2026-08-09 12:03:16 | INFO     | steel_defect.inference    | Inference #280 | label=defect_3 | confidence=0.466 | time=52.7ms
2026-08-09 12:03:18 | INFO     | steel_defect.inference    | Inference #281 | label=defect_1 | confidence=0.535 | time=41.0ms
2026-08-09 12:03:20 | INFO     | steel_defect.inference    | Inference #282 | label=defect_3 | confidence=0.532 | time=48.0ms
2026-08-09 12:03:21 | INFO     | steel_defect.inference    | Inference #283 | label=defect_1 | confidence=0.481 | time=61.5ms
2026-08-09 12:03:23 | INFO     | steel_defect.inference    | Inference #284 | label=defect_3 | confidence=0.535 | time=62.1ms
2026-08-09 12:03:25 | INFO     | steel_defect.inference    | Inference #285 | label=defect_3 | confidence=0.548 | time=66.0ms
2026-08-09 12:03:26 | INFO     | steel_defect.inference    | Inference #286 | label=defect_3 | confidence=0.506 | time=52.9ms
2026-08-09 12:03:28 | INFO     | steel_defect.inference    | Inference #287 | label=defect_3 | confidence=0.583 | time=53.2ms
2026-08-09 12:03:30 | INFO     | steel_defect.inference    | Inference #288 | label=defect_3 | confidence=0.375 | time=61.1ms
2026-08-09 12:03:32 | INFO     | steel_defect.inference    | Inference #289 | label=defect_1 | confidence=0.527 | time=58.9ms
2026-08-09 12:03:33 | INFO     | steel_defect.inference    | Inference #290 | label=no_defect | confidence=0.358 | time=51.9ms
2026-08-09 12:03:35 | INFO     | steel_defect.inference    | Inference #291 | label=defect_1 | confidence=0.432 | time=66.3ms
2026-08-09 12:03:37 | INFO     | steel_defect.inference    | Inference #292 | label=no_defect | confidence=0.509 | time=62.2ms
2026-08-09 12:03:38 | INFO     | steel_defect.inference    | Inference #293 | label=defect_1 | confidence=0.405 | time=61.5ms
2026-08-09 12:03:40 | INFO     | steel_defect.inference    | Inference #294 | label=defect_1 | confidence=0.577 | time=48.3ms
2026-08-09 12:03:42 | INFO     | steel_defect.inference    | Inference #295 | label=no_defect | confidence=0.695 | time=62.6ms
2026-08-09 12:03:43 | INFO     | steel_defect.inference    | Inference #296 | label=defect_1 | confidence=0.411 | time=59.9ms
2026-08-09 12:03:45 | INFO     | steel_defect.inference    | Inference #297 | label=defect_3 | confidence=0.375 | time=51.2ms
2026-08-09 12:03:47 | INFO     | steel_defect.inference    | Inference #298 | label=no_defect | confidence=0.416 | time=50.3ms
2026-08-09 12:03:48 | INFO     | steel_defect.inference    | Inference #299 | label=defect_1 | confidence=0.458 | time=65.6ms
2026-08-09 12:03:50 | INFO     | steel_defect.inference    | Inference #300 | label=no_defect | confidence=0.469 | time=55.6ms
2026-08-09 12:03:52 | INFO     | steel_defect.inference    | Inference #301 | label=defect_3 | confidence=0.724 | time=57.5ms
2026-08-09 12:03:53 | INFO     | steel_defect.inference    | Inference #302 | label=defect_3 | confidence=0.472 | time=62.4ms
2026-08-09 12:03:55 | INFO     | steel_defect.inference    | Inference #303 | label=defect_1 | confidence=0.381 | time=58.1ms
2026-08-09 12:03:57 | INFO     | steel_defect.inference    | Inference #304 | label=defect_3 | confidence=0.507 | time=61.1ms
2026-08-09 12:03:58 | INFO     | steel_defect.inference    | Inference #305 | label=defect_3 | confidence=0.636 | time=75.5ms
2026-08-09 12:04:00 | INFO     | steel_defect.inference    | Inference #306 | label=defect_3 | confidence=0.596 | time=54.7ms
2026-08-09 12:04:02 | INFO     | steel_defect.inference    | Inference #307 | label=no_defect | confidence=0.650 | time=69.7ms
2026-08-09 12:04:04 | INFO     | steel_defect.inference    | Inference #308 | label=defect_3 | confidence=0.448 | time=66.0ms
2026-08-09 12:04:05 | INFO     | steel_defect.inference    | Inference #309 | label=defect_3 | confidence=0.555 | time=55.1ms
2026-08-09 12:04:07 | INFO     | steel_defect.inference    | Inference #310 | label=defect_3 | confidence=0.404 | time=61.1ms
2026-08-09 12:04:09 | INFO     | steel_defect.inference    | Inference #311 | label=defect_3 | confidence=0.438 | time=60.0ms
2026-08-09 12:04:10 | INFO     | steel_defect.inference    | Inference #312 | label=no_defect | confidence=0.368 | time=43.3ms
2026-08-09 12:04:12 | INFO     | steel_defect.inference    | Inference #313 | label=defect_1 | confidence=0.581 | time=63.1ms
2026-08-09 12:04:14 | INFO     | steel_defect.inference    | Inference #314 | label=defect_3 | confidence=0.537 | time=54.9ms
2026-08-09 12:04:15 | INFO     | steel_defect.inference    | Inference #315 | label=defect_3 | confidence=0.465 | time=61.8ms
2026-08-09 12:04:17 | INFO     | steel_defect.inference    | Inference #316 | label=no_defect | confidence=0.430 | time=52.8ms
2026-08-09 12:04:19 | INFO     | steel_defect.inference    | Inference #317 | label=no_defect | confidence=0.751 | time=57.9ms
2026-08-09 12:04:20 | INFO     | steel_defect.inference    | Inference #318 | label=defect_3 | confidence=0.485 | time=59.8ms
2026-08-09 12:04:22 | INFO     | steel_defect.inference    | Inference #319 | label=no_defect | confidence=0.639 | time=62.5ms
2026-08-09 12:04:24 | INFO     | steel_defect.inference    | Inference #320 | label=defect_3 | confidence=0.663 | time=58.6ms
2026-08-09 12:04:26 | INFO     | steel_defect.inference    | Inference #321 | label=no_defect | confidence=0.517 | time=50.5ms
2026-08-09 12:04:27 | INFO     | steel_defect.inference    | Inference #322 | label=no_defect | confidence=0.450 | time=46.3ms
2026-08-09 12:04:29 | INFO     | steel_defect.inference    | Inference #323 | label=defect_3 | confidence=0.773 | time=55.7ms
2026-08-09 12:04:31 | INFO     | steel_defect.inference    | Inference #324 | label=defect_1 | confidence=0.573 | time=64.8ms
2026-08-09 12:04:32 | INFO     | steel_defect.inference    | Inference #325 | label=defect_3 | confidence=0.566 | time=57.4ms
2026-08-09 12:04:34 | INFO     | steel_defect.inference    | Inference #326 | label=defect_1 | confidence=0.577 | time=44.2ms
2026-08-09 12:04:36 | INFO     | steel_defect.inference    | Inference #327 | label=no_defect | confidence=0.640 | time=59.0ms
2026-08-09 12:04:37 | INFO     | steel_defect.inference    | Inference #328 | label=defect_3 | confidence=0.461 | time=52.7ms
2026-08-09 12:04:39 | INFO     | steel_defect.inference    | Inference #329 | label=defect_1 | confidence=0.584 | time=56.0ms
2026-08-09 12:04:41 | INFO     | steel_defect.inference    | Inference #330 | label=no_defect | confidence=0.556 | time=49.7ms
2026-08-09 12:04:42 | INFO     | steel_defect.inference    | Inference #331 | label=defect_3 | confidence=0.494 | time=58.0ms
2026-08-09 12:04:44 | INFO     | steel_defect.inference    | Inference #332 | label=defect_1 | confidence=0.526 | time=54.9ms
2026-08-09 12:04:46 | INFO     | steel_defect.inference    | Inference #333 | label=no_defect | confidence=0.755 | time=55.2ms
2026-08-09 12:04:47 | INFO     | steel_defect.inference    | Inference #334 | label=no_defect | confidence=0.594 | time=36.8ms
2026-08-09 12:04:49 | INFO     | steel_defect.inference    | Inference #335 | label=no_defect | confidence=0.459 | time=49.7ms
2026-08-09 12:04:51 | INFO     | steel_defect.inference    | Inference #336 | label=defect_3 | confidence=0.587 | time=48.1ms
2026-08-09 12:04:52 | INFO     | steel_defect.inference    | Inference #337 | label=no_defect | confidence=0.625 | time=43.4ms
2026-08-09 12:04:54 | INFO     | steel_defect.inference    | Inference #338 | label=defect_3 | confidence=0.558 | time=54.1ms
2026-08-09 12:05:32 | INFO     | steel_defect.inference    | Inference #339 | label=no_defect | confidence=0.881 | time=40.2ms
2026-08-09 12:05:34 | INFO     | steel_defect.inference    | Inference #340 | label=no_defect | confidence=0.966 | time=74.8ms
2026-08-09 12:05:35 | INFO     | steel_defect.inference    | Inference #341 | label=no_defect | confidence=1.000 | time=59.8ms
2026-08-09 12:05:37 | INFO     | steel_defect.inference    | Inference #342 | label=no_defect | confidence=0.373 | time=62.4ms
2026-08-09 12:05:39 | INFO     | steel_defect.inference    | Inference #343 | label=no_defect | confidence=0.674 | time=57.8ms
2026-08-09 12:05:41 | INFO     | steel_defect.inference    | Inference #344 | label=no_defect | confidence=0.999 | time=67.5ms
2026-08-09 12:05:42 | INFO     | steel_defect.inference    | Inference #345 | label=no_defect | confidence=0.824 | time=52.8ms
2026-08-09 12:05:44 | INFO     | steel_defect.inference    | Inference #346 | label=defect_3 | confidence=0.682 | time=44.0ms
2026-08-09 12:05:46 | INFO     | steel_defect.inference    | Inference #347 | label=no_defect | confidence=0.751 | time=63.8ms
2026-08-09 12:05:47 | INFO     | steel_defect.inference    | Inference #348 | label=defect_3 | confidence=0.682 | time=50.1ms
2026-08-09 12:05:49 | INFO     | steel_defect.inference    | Inference #349 | label=no_defect | confidence=0.724 | time=62.6ms
2026-08-09 12:05:51 | INFO     | steel_defect.inference    | Inference #350 | label=no_defect | confidence=0.873 | time=59.3ms
2026-08-09 12:27:35 | INFO     | steel_defect.inference    | SteelPredictor initialized | checkpoint=C:\assignment\anomaly_detection_v2\final_project\models\steel_cnn_best.pt | device=cpu
2026-08-09 12:27:35 | INFO     | steel_defect.inference    | Model loaded | time=15ms
2026-08-09 12:27:47 | INFO     | steel_defect.inference    | Inference #1 | label=defect_3 | confidence=0.582 | time=52.1ms
2026-08-09 12:27:49 | INFO     | steel_defect.inference    | Inference #2 | label=defect_3 | confidence=0.541 | time=57.4ms
2026-08-09 12:27:50 | INFO     | steel_defect.inference    | Inference #3 | label=defect_1 | confidence=0.374 | time=59.7ms
2026-08-09 12:27:52 | INFO     | steel_defect.inference    | Inference #4 | label=defect_3 | confidence=0.814 | time=49.5ms
2026-08-09 12:27:54 | INFO     | steel_defect.inference    | Inference #5 | label=no_defect | confidence=0.307 | time=51.8ms
2026-08-09 12:27:55 | INFO     | steel_defect.inference    | Inference #6 | label=defect_3 | confidence=0.451 | time=57.7ms
2026-08-09 12:27:57 | INFO     | steel_defect.inference    | Inference #7 | label=defect_3 | confidence=0.424 | time=62.2ms
2026-08-09 12:27:59 | INFO     | steel_defect.inference    | Inference #8 | label=defect_1 | confidence=0.571 | time=58.2ms
2026-08-09 12:28:00 | INFO     | steel_defect.inference    | Inference #9 | label=defect_3 | confidence=0.687 | time=68.4ms
2026-08-09 12:28:02 | INFO     | steel_defect.inference    | Inference #10 | label=defect_3 | confidence=0.516 | time=57.4ms
2026-08-09 12:28:04 | INFO     | steel_defect.inference    | Inference #11 | label=defect_3 | confidence=0.505 | time=50.5ms
2026-08-09 12:28:05 | INFO     | steel_defect.inference    | Inference #12 | label=defect_1 | confidence=0.359 | time=58.0ms
2026-08-09 12:28:07 | INFO     | steel_defect.inference    | Inference #13 | label=no_defect | confidence=0.844 | time=54.6ms
2026-08-09 12:28:09 | INFO     | steel_defect.inference    | Inference #14 | label=defect_1 | confidence=0.543 | time=52.6ms
2026-08-09 12:28:10 | INFO     | steel_defect.inference    | Inference #15 | label=defect_3 | confidence=0.431 | time=56.2ms
2026-08-09 12:28:12 | INFO     | steel_defect.inference    | Inference #16 | label=defect_3 | confidence=0.941 | time=61.6ms
2026-08-09 12:28:14 | INFO     | steel_defect.inference    | Inference #17 | label=no_defect | confidence=0.587 | time=61.4ms
2026-08-09 12:28:15 | INFO     | steel_defect.inference    | Inference #18 | label=defect_3 | confidence=0.583 | time=60.4ms
2026-08-09 12:28:17 | INFO     | steel_defect.inference    | Inference #19 | label=no_defect | confidence=0.625 | time=62.0ms
2026-08-09 12:28:19 | INFO     | steel_defect.inference    | Inference #20 | label=defect_3 | confidence=0.446 | time=52.0ms
2026-08-09 12:28:20 | INFO     | steel_defect.inference    | Inference #21 | label=defect_3 | confidence=0.567 | time=52.3ms
2026-08-09 12:28:22 | INFO     | steel_defect.inference    | Inference #22 | label=defect_3 | confidence=0.641 | time=64.1ms
2026-08-09 12:28:24 | INFO     | steel_defect.inference    | Inference #23 | label=no_defect | confidence=0.648 | time=58.8ms
2026-08-09 12:28:26 | INFO     | steel_defect.inference    | Inference #24 | label=defect_1 | confidence=0.523 | time=43.9ms
2026-08-09 12:28:27 | INFO     | steel_defect.inference    | Inference #25 | label=defect_3 | confidence=0.563 | time=39.7ms
2026-08-09 12:28:29 | INFO     | steel_defect.inference    | Inference #26 | label=defect_3 | confidence=0.729 | time=60.7ms
2026-08-09 12:28:31 | INFO     | steel_defect.inference    | Inference #27 | label=defect_3 | confidence=0.619 | time=66.2ms
2026-08-09 12:28:32 | INFO     | steel_defect.inference    | Inference #28 | label=defect_3 | confidence=0.538 | time=57.3ms
2026-08-09 12:28:34 | INFO     | steel_defect.inference    | Inference #29 | label=defect_1 | confidence=0.565 | time=54.0ms
2026-08-09 12:28:36 | INFO     | steel_defect.inference    | Inference #30 | label=no_defect | confidence=0.648 | time=63.4ms
2026-08-09 12:28:37 | INFO     | steel_defect.inference    | Inference #31 | label=no_defect | confidence=0.578 | time=63.3ms
2026-08-09 12:28:39 | INFO     | steel_defect.inference    | Inference #32 | label=defect_3 | confidence=0.642 | time=62.9ms
2026-08-09 12:28:41 | INFO     | steel_defect.inference    | Inference #33 | label=defect_3 | confidence=0.501 | time=56.9ms
2026-08-09 12:28:42 | INFO     | steel_defect.inference    | Inference #34 | label=no_defect | confidence=0.411 | time=66.3ms
2026-08-09 12:28:44 | INFO     | steel_defect.inference    | Inference #35 | label=defect_3 | confidence=0.564 | time=54.6ms
2026-08-09 12:28:46 | INFO     | steel_defect.inference    | Inference #36 | label=no_defect | confidence=0.592 | time=70.4ms
2026-08-09 12:28:47 | INFO     | steel_defect.inference    | Inference #37 | label=no_defect | confidence=0.609 | time=62.3ms
2026-08-09 12:28:49 | INFO     | steel_defect.inference    | Inference #38 | label=no_defect | confidence=0.590 | time=60.3ms
2026-08-09 12:28:51 | INFO     | steel_defect.inference    | Inference #39 | label=no_defect | confidence=0.598 | time=41.1ms
2026-08-09 12:28:52 | INFO     | steel_defect.inference    | Inference #40 | label=defect_3 | confidence=0.418 | time=40.1ms
2026-08-09 12:28:54 | INFO     | steel_defect.inference    | Inference #41 | label=no_defect | confidence=0.647 | time=58.6ms
2026-08-09 12:28:56 | INFO     | steel_defect.inference    | Inference #42 | label=defect_3 | confidence=0.514 | time=65.8ms
2026-08-09 12:28:57 | INFO     | steel_defect.inference    | Inference #43 | label=defect_1 | confidence=0.581 | time=51.6ms
2026-08-09 12:28:59 | INFO     | steel_defect.inference    | Inference #44 | label=defect_3 | confidence=0.476 | time=47.5ms
2026-08-09 12:29:01 | INFO     | steel_defect.inference    | Inference #45 | label=defect_3 | confidence=0.624 | time=64.4ms
2026-08-09 12:29:02 | INFO     | steel_defect.inference    | Inference #46 | label=defect_3 | confidence=0.580 | time=43.8ms
2026-08-09 12:29:04 | INFO     | steel_defect.inference    | Inference #47 | label=no_defect | confidence=0.388 | time=56.6ms
2026-08-09 12:29:06 | INFO     | steel_defect.inference    | Inference #48 | label=defect_1 | confidence=0.543 | time=54.0ms
2026-08-09 12:29:07 | INFO     | steel_defect.inference    | Inference #49 | label=defect_3 | confidence=0.401 | time=67.8ms
2026-08-09 12:29:09 | INFO     | steel_defect.inference    | Inference #50 | label=defect_3 | confidence=0.357 | time=42.9ms
2026-08-09 12:29:11 | INFO     | steel_defect.inference    | Inference #51 | label=defect_1 | confidence=0.480 | time=67.4ms
2026-08-09 12:29:12 | INFO     | steel_defect.inference    | Inference #52 | label=defect_1 | confidence=0.566 | time=59.0ms
2026-08-09 12:29:14 | INFO     | steel_defect.inference    | Inference #53 | label=defect_1 | confidence=0.568 | time=42.5ms
2026-08-09 12:29:16 | INFO     | steel_defect.inference    | Inference #54 | label=defect_3 | confidence=0.572 | time=51.7ms
2026-08-09 12:29:18 | INFO     | steel_defect.inference    | Inference #55 | label=defect_3 | confidence=0.807 | time=65.3ms
2026-08-09 12:29:19 | INFO     | steel_defect.inference    | Inference #56 | label=defect_3 | confidence=0.547 | time=64.6ms
2026-08-09 12:29:21 | INFO     | steel_defect.inference    | Inference #57 | label=defect_1 | confidence=0.576 | time=65.0ms
2026-08-09 12:29:23 | INFO     | steel_defect.inference    | Inference #58 | label=defect_3 | confidence=0.717 | time=54.8ms
2026-08-09 12:29:24 | INFO     | steel_defect.inference    | Inference #59 | label=defect_3 | confidence=0.638 | time=60.6ms
2026-08-09 12:29:26 | INFO     | steel_defect.inference    | Inference #60 | label=defect_1 | confidence=0.541 | time=44.2ms
2026-08-09 12:29:28 | INFO     | steel_defect.inference    | Inference #61 | label=defect_3 | confidence=0.417 | time=55.8ms
2026-08-09 12:29:29 | INFO     | steel_defect.inference    | Inference #62 | label=no_defect | confidence=0.477 | time=53.2ms
2026-08-09 12:29:31 | INFO     | steel_defect.inference    | Inference #63 | label=no_defect | confidence=0.402 | time=62.1ms
2026-08-09 12:29:33 | INFO     | steel_defect.inference    | Inference #64 | label=defect_3 | confidence=0.545 | time=61.5ms
2026-08-09 12:29:34 | INFO     | steel_defect.inference    | Inference #65 | label=defect_1 | confidence=0.435 | time=63.2ms
2026-08-09 12:29:36 | INFO     | steel_defect.inference    | Inference #66 | label=defect_3 | confidence=0.433 | time=54.4ms
2026-08-09 12:29:38 | INFO     | steel_defect.inference    | Inference #67 | label=defect_1 | confidence=0.474 | time=58.2ms
2026-08-09 12:29:39 | INFO     | steel_defect.inference    | Inference #68 | label=defect_1 | confidence=0.551 | time=47.6ms
2026-08-09 12:29:41 | INFO     | steel_defect.inference    | Inference #69 | label=no_defect | confidence=0.769 | time=75.5ms
2026-08-09 12:29:43 | INFO     | steel_defect.inference    | Inference #70 | label=no_defect | confidence=0.605 | time=67.9ms
2026-08-09 12:29:44 | INFO     | steel_defect.inference    | Inference #71 | label=defect_3 | confidence=0.513 | time=64.0ms
2026-08-09 12:29:46 | INFO     | steel_defect.inference    | Inference #72 | label=no_defect | confidence=0.773 | time=59.5ms
2026-08-09 12:29:48 | INFO     | steel_defect.inference    | Inference #73 | label=defect_1 | confidence=0.380 | time=55.0ms
2026-08-09 12:29:49 | INFO     | steel_defect.inference    | Inference #74 | label=defect_3 | confidence=0.620 | time=55.3ms
2026-08-09 12:29:51 | INFO     | steel_defect.inference    | Inference #75 | label=no_defect | confidence=0.463 | time=49.8ms
2026-08-09 12:29:53 | INFO     | steel_defect.inference    | Inference #76 | label=defect_3 | confidence=0.592 | time=51.3ms
2026-08-09 12:29:54 | INFO     | steel_defect.inference    | Inference #77 | label=no_defect | confidence=0.696 | time=51.0ms
2026-08-09 12:29:56 | INFO     | steel_defect.inference    | Inference #78 | label=defect_1 | confidence=0.367 | time=57.2ms
2026-08-09 12:29:58 | INFO     | steel_defect.inference    | Inference #79 | label=no_defect | confidence=0.429 | time=52.5ms
2026-08-09 12:29:59 | INFO     | steel_defect.inference    | Inference #80 | label=defect_3 | confidence=0.504 | time=56.2ms
